graph: { title: "/home/chouteau/src/github/Ada_Drivers_Library/examples/MicroBit/text_scrolling/src/test_malloc.adb"
node: { title: "memcpy" label: "builtin_memcpy\n<built-in>" shape : ellipse }
node: { title: "__gnat_last_chance_handler" label: "gnat_last_chance_handler\n<built-in>" shape : ellipse }
node: { title: "__gnat_last_chance_handler" label: "Last_Chance_Handler\n/home/chouteau/src/GNAT_GPL/2018-arm-elf/arm-eabi/lib/gnat/zfp-microbit/gnat/a-except.adb:43:17" shape : ellipse }
node: { title: "free" label: "Free\n/home/chouteau/src/github/Ada_Drivers_Library/examples/MicroBit/text_scrolling/src/test_malloc.adb:22:4\n96 bytes (dynamic)" }
edge: { sourcename: "free" targetname: "__gnat_last_chance_handler" label: "/home/chouteau/src/github/Ada_Drivers_Library/examples/MicroBit/text_scrolling/src/test_malloc.adb:24:7" }
edge: { sourcename: "free" targetname: "__gnat_last_chance_handler" label: "/home/chouteau/src/github/Ada_Drivers_Library/examples/MicroBit/text_scrolling/src/test_malloc.adb:24:7" }
edge: { sourcename: "free" targetname: "memcpy" }
edge: { sourcename: "free" targetname: "__gnat_last_chance_handler" label: "/home/chouteau/src/github/Ada_Drivers_Library/examples/MicroBit/text_scrolling/src/test_malloc.adb:24:7" }
edge: { sourcename: "free" targetname: "__gnat_last_chance_handler" label: "/home/chouteau/src/github/Ada_Drivers_Library/examples/MicroBit/text_scrolling/src/test_malloc.adb:24:7" }
edge: { sourcename: "free" targetname: "__gnat_last_chance_handler" label: "/home/chouteau/src/github/Ada_Drivers_Library/examples/MicroBit/text_scrolling/src/test_malloc.adb:24:7" }
edge: { sourcename: "free" targetname: "__gnat_last_chance_handler" label: "/home/chouteau/src/github/Ada_Drivers_Library/examples/MicroBit/text_scrolling/src/test_malloc.adb:24:7" }
edge: { sourcename: "free" targetname: "__gnat_last_chance_handler" label: "/home/chouteau/src/github/Ada_Drivers_Library/examples/MicroBit/text_scrolling/src/test_malloc.adb:24:7" }
edge: { sourcename: "free" targetname: "__gnat_last_chance_handler" label: "/home/chouteau/src/github/Ada_Drivers_Library/examples/MicroBit/text_scrolling/src/test_malloc.adb:24:7" }
node: { title: "malloc" label: "Malloc\n/home/chouteau/src/github/Ada_Drivers_Library/examples/MicroBit/text_scrolling/src/test_malloc.adb:12:4\n96 bytes (dynamic)" }
edge: { sourcename: "malloc" targetname: "__gnat_last_chance_handler" label: "/home/chouteau/src/github/Ada_Drivers_Library/examples/MicroBit/text_scrolling/src/test_malloc.adb:15:14" }
edge: { sourcename: "malloc" targetname: "__gnat_last_chance_handler" label: "/home/chouteau/src/github/Ada_Drivers_Library/examples/MicroBit/text_scrolling/src/test_malloc.adb:15:14" }
edge: { sourcename: "malloc" targetname: "memcpy" }
edge: { sourcename: "malloc" targetname: "__gnat_last_chance_handler" label: "/home/chouteau/src/github/Ada_Drivers_Library/examples/MicroBit/text_scrolling/src/test_malloc.adb:15:14" }
edge: { sourcename: "malloc" targetname: "__gnat_last_chance_handler" label: "/home/chouteau/src/github/Ada_Drivers_Library/examples/MicroBit/text_scrolling/src/test_malloc.adb:15:14" }
edge: { sourcename: "malloc" targetname: "__gnat_last_chance_handler" label: "/home/chouteau/src/github/Ada_Drivers_Library/examples/MicroBit/text_scrolling/src/test_malloc.adb:15:14" }
edge: { sourcename: "malloc" targetname: "__gnat_last_chance_handler" label: "/home/chouteau/src/github/Ada_Drivers_Library/examples/MicroBit/text_scrolling/src/test_malloc.adb:15:14" }
edge: { sourcename: "malloc" targetname: "__gnat_last_chance_handler" label: "/home/chouteau/src/github/Ada_Drivers_Library/examples/MicroBit/text_scrolling/src/test_malloc.adb:15:14" }
edge: { sourcename: "malloc" targetname: "__gnat_last_chance_handler" label: "/home/chouteau/src/github/Ada_Drivers_Library/examples/MicroBit/text_scrolling/src/test_malloc.adb:15:14" }
node: { title: "test_malloc__TmemoryBIP" label: "Tmemorybip\n/home/chouteau/src/github/Ada_Drivers_Library/examples/MicroBit/text_scrolling/src/test_malloc.adb:5:4\n16 bytes (static)" }
}
